And the list is:
fish costs $3.55.
cheese costs $2.99.
DONE.
